[2025-10-21 18:30:22] ❌ Error al subir PDF => {"error":{"message":"(#100) The parameter messaging_product is required.","type":"OAuthException","code":100,"fbtrace_id":"AhUfGG6O8ll8OPcUa5bY6XH"}}
[2025-10-21 18:37:31] ✅ Enviado HTTP 200 => {"messaging_product":"whatsapp","contacts":[{"input":"18099999636","wa_id":"18099999636"}],"messages":[{"id":"wamid.HBgLMTgwOTk5OTk2MzYVAgARGBIyNTVGOEYzMjU2NjU2M0YzQjEA"}]}
[2025-10-21 18:38:40] ✅ Enviado HTTP 200 => {"messaging_product":"whatsapp","contacts":[{"input":"18099999636","wa_id":"18099999636"}],"messages":[{"id":"wamid.HBgLMTgwOTk5OTk2MzYVAgARGBJDQjIyOUZGN0I1REI3NzU3MTcA"}]}
[2025-10-21 18:42:41] ✅ Enviado HTTP 200 => {"messaging_product":"whatsapp","contacts":[{"input":"18099999636","wa_id":"18099999636"}],"messages":[{"id":"wamid.HBgLMTgwOTk5OTk2MzYVAgARGBI4ODRCRkVGNjJDNEYxMUQ0RDAA"}]}
[2025-10-21 18:47:46] ✅ Enviado HTTP 200 => {"messaging_product":"whatsapp","contacts":[{"input":"18099999636","wa_id":"18099999636"}],"messages":[{"id":"wamid.HBgLMTgwOTk5OTk2MzYVAgARGBIzMjUxREQ0QUI2RUMyMzU0NkQA"}]}
[2025-10-21 18:49:15] ✅ Enviado HTTP 400 => {"error":{"message":"(#131009) Parameter value is not valid","type":"OAuthException","code":131009,"error_data":{"messaging_product":"whatsapp","details":"The phone number is malformed: Please use the format: +1234567890."},"fbtrace_id":"AX-xPKxXhNsia6sT60jIh8u"}}
[2025-10-21 18:50:11] ✅ Enviado HTTP 400 => {"error":{"message":"(#131009) Parameter value is not valid","type":"OAuthException","code":131009,"error_data":{"messaging_product":"whatsapp","details":"The phone number is malformed: Please use the format: +1234567890."},"fbtrace_id":"A4NnoheV0T7AjDwauJxa4Z5"}}
[2025-10-21 18:50:52] ✅ Enviado HTTP 400 => {"error":{"message":"(#131009) Parameter value is not valid","type":"OAuthException","code":131009,"error_data":{"messaging_product":"whatsapp","details":"The phone number is malformed: Please use the format: +1234567890."},"fbtrace_id":"AOMOuUe5Z240dhOlxuLX7Fu"}}
[2025-10-21 18:51:25] ✅ Enviado HTTP 400 => {"error":{"message":"(#131009) Parameter value is not valid","type":"OAuthException","code":131009,"error_data":{"messaging_product":"whatsapp","details":"The phone number is malformed: Please use the format: +1234567890."},"fbtrace_id":"AF1rmzPNcTFGiT5qjFogmuQ"}}
[2025-10-21 18:53:47] ✅ Enviado HTTP 200 => {"messaging_product":"whatsapp","contacts":[{"input":"18099999636","wa_id":"18099999636"}],"messages":[{"id":"wamid.HBgLMTgwOTk5OTk2MzYVAgARGBIwNzc2MDE4N0RCNThGRDNCQjQA"}]}
[2025-10-21 18:57:05] ✅ Enviado HTTP 200 => {"messaging_product":"whatsapp","contacts":[{"input":"18099999636","wa_id":"18099999636"}],"messages":[{"id":"wamid.HBgLMTgwOTk5OTk2MzYVAgARGBI5RDdFQzc1NEQwMjE1OTc3M0EA"}]}
[2025-10-21 19:00:31] ✅ Enviado HTTP 200 => {"messaging_product":"whatsapp","contacts":[{"input":"18099999636","wa_id":"18099999636"}],"messages":[{"id":"wamid.HBgLMTgwOTk5OTk2MzYVAgARGBJFMTU5NTJGNzI1NjlBQzc3NjMA"}]}
[2025-10-21 19:06:06] ✅ Enviado HTTP 200 => {"messaging_product":"whatsapp","contacts":[{"input":"18099999636","wa_id":"18099999636"}],"messages":[{"id":"wamid.HBgLMTgwOTk5OTk2MzYVAgARGBJFMkJGMDA1RjQwNDk4MzJEQUYA"}]}
[2025-10-21 19:12:20] ✅ Enviado HTTP 200 => {"messaging_product":"whatsapp","contacts":[{"input":"18099999636","wa_id":"18099999636"}],"messages":[{"id":"wamid.HBgLMTgwOTk5OTk2MzYVAgARGBI2MEM0QjM2NTE0RjI0OTEyQTYA"}]}
[2025-10-21 19:13:18] ✅ Enviado HTTP 200 => {"messaging_product":"whatsapp","contacts":[{"input":"18099999636","wa_id":"18099999636"}],"messages":[{"id":"wamid.HBgLMTgwOTk5OTk2MzYVAgARGBIwNTg2OUQ2Q0ZCQTk0M0U1ODYA"}]}
[2025-10-21 21:10:58] ✅ Plantilla enviada HTTP 404 => {"error":{"message":"(#132001) Template name does not exist in the translation","type":"OAuthException","code":132001,"error_data":{"messaging_product":"whatsapp","details":"template name (contrato_de_renta) does not exist in es"},"fbtrace_id":"AoLtKtwRY3DNX1RdraMVpK6"}}
[2025-10-21 21:11:40] ✅ Plantilla enviada HTTP 200 => {"messaging_product":"whatsapp","contacts":[{"input":"18099999636","wa_id":"18099999636"}],"messages":[{"id":"wamid.HBgLMTgwOTk5OTk2MzYVAgARGBI4NDM3NjNDMTY4OURBRDk2NUIA","message_status":"accepted"}]}
[2025-10-21 21:13:42] ✅ Plantilla enviada HTTP 200 => {"messaging_product":"whatsapp","contacts":[{"input":"18099999636","wa_id":"18099999636"}],"messages":[{"id":"wamid.HBgLMTgwOTk5OTk2MzYVAgARGBI3QUM4QjMzMUZBMUQyMURDRkIA","message_status":"accepted"}]}
[2025-10-23 08:52:54] ✅ Plantilla enviada HTTP 200 => {"messaging_product":"whatsapp","contacts":[{"input":"18099999636","wa_id":"18099999636"}],"messages":[{"id":"wamid.HBgLMTgwOTk5OTk2MzYVAgARGBJFRDJEREE1QjQ1QUJCQzA5RkIA","message_status":"accepted"}]}
[2025-10-23 08:55:13] ✅ Plantilla enviada HTTP 200 => {"messaging_product":"whatsapp","contacts":[{"input":"18099999636","wa_id":"18099999636"}],"messages":[{"id":"wamid.HBgLMTgwOTk5OTk2MzYVAgARGBJDQkI3QzMzOUNBMTY4RTYyQkMA","message_status":"accepted"}]}
[2025-10-23 08:56:28] ✅ Plantilla enviada HTTP 200 => {"messaging_product":"whatsapp","contacts":[{"input":"18099999636","wa_id":"18099999636"}],"messages":[{"id":"wamid.HBgLMTgwOTk5OTk2MzYVAgARGBJFNTYyNjlENzFCMDc3MkM3MTYA","message_status":"accepted"}]}
[2025-10-23 08:58:04] ✅ Plantilla enviada HTTP 200 => {"messaging_product":"whatsapp","contacts":[{"input":"18099999636","wa_id":"18099999636"}],"messages":[{"id":"wamid.HBgLMTgwOTk5OTk2MzYVAgARGBI0RDMwRDFGNDU2MzMwMzE5NkQA","message_status":"accepted"}]}
[2025-10-23 08:59:39] ✅ Plantilla enviada HTTP 200 => {"messaging_product":"whatsapp","contacts":[{"input":"18099999636","wa_id":"18099999636"}],"messages":[{"id":"wamid.HBgLMTgwOTk5OTk2MzYVAgARGBJFRjYwQTFFNTlGMkEzOTEwRTIA","message_status":"accepted"}]}
[2025-10-23 09:01:03] ✅ Plantilla enviada HTTP 200 => {"messaging_product":"whatsapp","contacts":[{"input":"18099999636","wa_id":"18099999636"}],"messages":[{"id":"wamid.HBgLMTgwOTk5OTk2MzYVAgARGBJCNzg0RjkzRkFDN0Y3Njg2NjUA","message_status":"accepted"}]}
[2025-10-23 09:32:43] ✅ Plantilla enviada HTTP 200 => {"messaging_product":"whatsapp","contacts":[{"input":"18099999636","wa_id":"18099999636"}],"messages":[{"id":"wamid.HBgLMTgwOTk5OTk2MzYVAgARGBJCMTE2RURENTM4MEVFQjUyNzcA","message_status":"accepted"}]}
[2025-10-23 11:07:59] ✅ Contrato enviado a 18099999636 (Roberto) HTTP 400
[2025-10-23 11:10:30] ✅ Contrato enviado a 18099999636 (Roberto) HTTP 400
[2025-10-23 11:11:47] ✅ Plantilla enviada HTTP 200 => {"messaging_product":"whatsapp","contacts":[{"input":"18099999636","wa_id":"18099999636"}],"messages":[{"id":"wamid.HBgLMTgwOTk5OTk2MzYVAgARGBIzQTk2NTBGQzA0ODREQUFBNDUA","message_status":"accepted"}]}
[2025-10-23 11:12:44] ✅ Plantilla enviada HTTP 200 => {"messaging_product":"whatsapp","contacts":[{"input":"18099999636","wa_id":"18099999636"}],"messages":[{"id":"wamid.HBgLMTgwOTk5OTk2MzYVAgARGBI2N0EzMDA4MEZFRTE1NzZDRDIA","message_status":"accepted"}]}
[2025-10-23 11:17:58] ✅ Plantilla enviada HTTP 400 => {"error":{"message":"(#132018) There\u2019s an issue with the parameters in your template","type":"OAuthException","code":132018,"error_data":{"messaging_product":"whatsapp","details":"buttons: Button at index 0 of type Url does not require parameters"},"fbtrace_id":"AgQnTsQdw5AZ6StvtcFHLPH"}}
[2025-10-23 11:47:42] ✅ Enviado HTTP 200 => {"messaging_product":"whatsapp","contacts":[{"input":"18099999636","wa_id":"18099999636"}],"messages":[{"id":"wamid.HBgLMTgwOTk5OTk2MzYVAgARGBI5REJGMEJFMzlDNEY1ODcxMTQA","message_status":"accepted"}]}
[2025-10-23 11:52:19] ✅ Enviado HTTP 200 => {"messaging_product":"whatsapp","contacts":[{"input":"18099999636","wa_id":"18099999636"}],"messages":[{"id":"wamid.HBgLMTgwOTk5OTk2MzYVAgARGBI1Qjk0MkU4QjgwNDE4MTQwQ0EA","message_status":"accepted"}]}
[2025-10-23 12:08:15] ✅ Enviado HTTP 400 => {"error":{"message":"The parameter to is required.","type":"OAuthException","code":100,"fbtrace_id":"AeUlq2XGqaw3Q5q20e6joSw"}}
[2025-10-23 12:11:07] ✅ Enviado HTTP 200 => {"messaging_product":"whatsapp","contacts":[{"input":"18099999636","wa_id":"18099999636"}],"messages":[{"id":"wamid.HBgLMTgwOTk5OTk2MzYVAgARGBI4OERBQzkwNUZGNjg4QzlCNUUA","message_status":"accepted"}]}
[2025-10-23 12:13:23] ✅ Enviado HTTP 200 => {"messaging_product":"whatsapp","contacts":[{"input":"18099999636","wa_id":"18099999636"}],"messages":[{"id":"wamid.HBgLMTgwOTk5OTk2MzYVAgARGBI3MENGNTEwRDIwRUUwNTNCQUEA","message_status":"accepted"}]}
[2025-10-23 14:04:41] ✅ Plantilla enviada HTTP 400 => {"error":{"message":"(#131008) Required parameter is missing","type":"OAuthException","code":131008,"error_data":{"messaging_product":"whatsapp","details":"Parameter of type text is missing text value"},"fbtrace_id":"Ay1baHnZhFKbWWOM22sUELj"}}
[2025-10-23 14:14:22] ✅ contrato_de_renta HTTP 200 => {"messaging_product":"whatsapp","contacts":[{"input":"18099999636","wa_id":"18099999636"}],"messages":[{"id":"wamid.HBgLMTgwOTk5OTk2MzYVAgARGBJGQ0ZDOTlDMjI5MUJDM0VFRjQA","message_status":"accepted"}]} 
[2025-10-23 14:15:33] ✅ contrato_de_renta HTTP 400 => {"error":{"message":"(#131008) Required parameter is missing","type":"OAuthException","code":131008,"error_data":{"messaging_product":"whatsapp","details":"Parameter of type text is missing text value"},"fbtrace_id":"AvXLcb9WrxNwuQKdpjjVUUS"}} 
[2025-10-23 14:21:13] ✅ contrato_de_renta HTTP 200 => {"messaging_product":"whatsapp","contacts":[{"input":"18099999636","wa_id":"18099999636"}],"messages":[{"id":"wamid.HBgLMTgwOTk5OTk2MzYVAgARGBI5NEU3NjhENTk5QkQ1M0U4MDAA","message_status":"accepted"}]} 
[2025-10-23 14:24:33] ✅ contrato_de_renta HTTP 200 => {"messaging_product":"whatsapp","contacts":[{"input":"18099999636","wa_id":"18099999636"}],"messages":[{"id":"wamid.HBgLMTgwOTk5OTk2MzYVAgARGBIzMDFEODQ3NTZDMkE1MDlFMUMA","message_status":"accepted"}]} 
[2025-10-23 14:27:21] ✅ contrato_de_renta HTTP 200 => {"messaging_product":"whatsapp","contacts":[{"input":"18099999636","wa_id":"18099999636"}],"messages":[{"id":"wamid.HBgLMTgwOTk5OTk2MzYVAgARGBI2RkE2QTRBRDUzQzlGMEI5NDMA","message_status":"accepted"}]} 
[2025-10-23 14:28:16] ✅ contrato_de_renta HTTP 400 => {"error":{"message":"(#131008) Required parameter is missing","type":"OAuthException","code":131008,"error_data":{"messaging_product":"whatsapp","details":"Parameter of type text is missing text value"},"fbtrace_id":"A7CqEZZlTfZK8RaQMjQlgvo"}} 
[2025-10-23 14:38:53] ✅ contrato_de_renta HTTP 200 => {"messaging_product":"whatsapp","contacts":[{"input":"18099999636","wa_id":"18099999636"}],"messages":[{"id":"wamid.HBgLMTgwOTk5OTk2MzYVAgARGBIyRTBBQjhDQzJDMDM2MkU2NTcA","message_status":"accepted"}]} 
[2025-10-23 14:39:55] ✅ contrato_de_renta HTTP 400 => {"error":{"message":"(#131008) Required parameter is missing","type":"OAuthException","code":131008,"error_data":{"messaging_product":"whatsapp","details":"Parameter of type text is missing text value"},"fbtrace_id":"A7JyoLicq5JOPK59V5uZ20-"}} 
[2025-10-23 15:02:44] ✅ Plantilla enviada HTTP 200 => {"messaging_product":"whatsapp","contacts":[{"input":"18099999636","wa_id":"18099999636"}],"messages":[{"id":"wamid.HBgLMTgwOTk5OTk2MzYVAgARGBI0QjBGQUVBNDc4MTBEMDZBMkYA","message_status":"accepted"}]}
[2025-10-23 15:08:20] ✅ Plantilla enviada HTTP 200 => {"messaging_product":"whatsapp","contacts":[{"input":"18099999636","wa_id":"18099999636"}],"messages":[{"id":"wamid.HBgLMTgwOTk5OTk2MzYVAgARGBI1N0U0MzZBQjk4OEE3NUU1ODYA","message_status":"accepted"}]}
[2025-10-23 16:19:00] ✅ Plantilla enviada HTTP 200 => {"messaging_product":"whatsapp","contacts":[{"input":"18099999636","wa_id":"18099999636"}],"messages":[{"id":"wamid.HBgLMTgwOTk5OTk2MzYVAgARGBJBNDBGRkI0Mzg1NTlEOUU2NkQA","message_status":"accepted"}]}
[2025-10-23 16:19:56] ✅ Enviado HTTP 400 => {"error":{"message":"(#131008) Required parameter is missing","type":"OAuthException","code":131008,"error_data":{"messaging_product":"whatsapp","details":"Parameter of type text is missing text value"},"fbtrace_id":"ALU7QPAi2DxcBS1dSTyb3f2"}}
[2025-10-23 16:29:17] ✅ Enviado (reservacion) HTTP 400 => {"error":{"message":"(#131008) Required parameter is missing","type":"OAuthException","code":131008,"error_data":{"messaging_product":"whatsapp","details":"Parameter of type text is missing text value"},"fbtrace_id":"AQTmZUBFTUbNklrtMc0aBDS"}}
[2025-10-23 16:30:52] ✅ Enviado HTTP 400 => {"error":{"message":"(#131008) Required parameter is missing","type":"OAuthException","code":131008,"error_data":{"messaging_product":"whatsapp","details":"Parameter of type text is missing text value"},"fbtrace_id":"AToC0bshNBZrhmnCC-sTjHG"}}
[2025-10-23 16:32:08] ✅ Enviado HTTP 400 => {"error":{"message":"(#131008) Required parameter is missing","type":"OAuthException","code":131008,"error_data":{"messaging_product":"whatsapp","details":"Parameter of type text is missing text value"},"fbtrace_id":"A2OucAWd6vWXYl-sR52y6U3"}}
[2025-10-23 16:33:10] ✅ Enviado HTTP 400 => {"error":{"message":"(#131008) Required parameter is missing","type":"OAuthException","code":131008,"error_data":{"messaging_product":"whatsapp","details":"Parameter of type text is missing text value"},"fbtrace_id":"A1QZvkz9LXN_Td6kZhFqpRL"}}
[2025-10-23 16:35:17] ✅ Enviado HTTP 200 => {"messaging_product":"whatsapp","contacts":[{"input":"18099999636","wa_id":"18099999636"}],"messages":[{"id":"wamid.HBgLMTgwOTk5OTk2MzYVAgARGBJGRDY2OEJGMjRFQkQ2QTk2MTkA","message_status":"accepted"}]}
[2025-10-23 16:35:36] ✅ Enviado HTTP 400 => {"error":{"message":"(#131008) Required parameter is missing","type":"OAuthException","code":131008,"error_data":{"messaging_product":"whatsapp","details":"Parameter of type text is missing text value"},"fbtrace_id":"AG2x_dpyKfysAxKFdNAOuun"}}
[2025-10-23 16:36:11] ✅ Enviado HTTP 400 => {"error":{"message":"(#131008) Required parameter is missing","type":"OAuthException","code":131008,"error_data":{"messaging_product":"whatsapp","details":"Parameter of type text is missing text value"},"fbtrace_id":"AyjMzl1SkM0bhLps0e4yqpz"}}
[2025-10-23 16:42:31] 📤 Subida respuesta => {"id":"1443469813409795"}
[2025-10-23 16:42:31] ✅ Enviado (reservacion) HTTP 400 => {"error":{"message":"(#131008) Required parameter is missing","type":"OAuthException","code":131008,"error_data":{"messaging_product":"whatsapp","details":"Parameter of type text is missing text value"},"fbtrace_id":"ArVA4CuQ7ok8jDsOfxylpuk"}}
[2025-10-23 16:42:41] 📤 Subida respuesta => {"id":"822823186808048"}
[2025-10-23 16:42:42] ✅ Enviado (contrato_de_renta) HTTP 200 => {"messaging_product":"whatsapp","contacts":[{"input":"18099999636","wa_id":"18099999636"}],"messages":[{"id":"wamid.HBgLMTgwOTk5OTk2MzYVAgARGBI4NzQzODUxRUE4QzQ5ODhDQjAA","message_status":"accepted"}]}
[2025-10-23 16:45:55] ✅ Reservación enviada HTTP 400 => {"error":{"message":"(#131008) Required parameter is missing","type":"OAuthException","code":131008,"error_data":{"messaging_product":"whatsapp","details":"Parameter of type text is missing text value"},"fbtrace_id":"A8xcaXI1ZTt--eya3de_4TX"}}
[2025-10-23 16:46:27] ✅ Contrato enviado HTTP 200 => {"messaging_product":"whatsapp","contacts":[{"input":"18099999636","wa_id":"18099999636"}],"messages":[{"id":"wamid.HBgLMTgwOTk5OTk2MzYVAgARGBI4QTY0MjZEMDZDMTk4NkZFQTgA","message_status":"accepted"}]}
[2025-10-23 16:48:46] ✅ Reservación enviada HTTP 400 => {"error":{"message":"(#131008) Required parameter is missing","type":"OAuthException","code":131008,"error_data":{"messaging_product":"whatsapp","details":"Parameter of type text is missing text value"},"fbtrace_id":"AHltLcVZ0fyALUowPS5rEH0"}}
[2025-10-23 16:49:07] ✅ Contrato enviado HTTP 200 => {"messaging_product":"whatsapp","contacts":[{"input":"18099999636","wa_id":"18099999636"}],"messages":[{"id":"wamid.HBgLMTgwOTk5OTk2MzYVAgARGBIzNzRBMDY2NURCOEI0RjBEMzQA","message_status":"accepted"}]}
[2025-10-23 16:50:16] ✅ Reservación enviada HTTP 200 => {"messaging_product":"whatsapp","contacts":[{"input":"18099999636","wa_id":"18099999636"}],"messages":[{"id":"wamid.HBgLMTgwOTk5OTk2MzYVAgARGBJGRTBFRDlDOTY2MUVENDAzMEIA","message_status":"accepted"}]}
[2025-10-23 16:50:27] ✅ Contrato enviado HTTP 400 => {"error":{"message":"(#131008) Required parameter is missing","type":"OAuthException","code":131008,"error_data":{"messaging_product":"whatsapp","details":"Parameter of type text is missing text value"},"fbtrace_id":"Ar3gk1f3UHCsupPirvYGo-p"}}
[2025-10-23 16:54:34] ✅ Contrato enviado HTTP 200 => {"messaging_product":"whatsapp","contacts":[{"input":"18099999636","wa_id":"18099999636"}],"messages":[{"id":"wamid.HBgLMTgwOTk5OTk2MzYVAgARGBJBNEFEMzIzQjA3ODIxMTc4RkMA","message_status":"accepted"}]}
[2025-10-23 16:54:58] ✅ Reservación enviada HTTP 400 => {"error":{"message":"(#131008) Required parameter is missing","type":"OAuthException","code":131008,"error_data":{"messaging_product":"whatsapp","details":"Parameter of type text is missing text value"},"fbtrace_id":"AhuJZrTWwrsLe9WthRabk8X"}}
[2025-10-23 16:58:46] ✅ Contrato enviado HTTP 200 => {"messaging_product":"whatsapp","contacts":[{"input":"18099999636","wa_id":"18099999636"}],"messages":[{"id":"wamid.HBgLMTgwOTk5OTk2MzYVAgARGBI2OEU2QUVCMzlFNzVGRThDNjQA","message_status":"accepted"}]}
[2025-10-23 16:58:56] ✅ Reservación enviada HTTP 400 => {"error":{"message":"(#131008) Required parameter is missing","type":"OAuthException","code":131008,"error_data":{"messaging_product":"whatsapp","details":"Parameter of type text is missing text value"},"fbtrace_id":"Aq53Tfo9Kz0s7kq_3wGqx3o"}}
[2025-10-23 16:59:15] ✅ Reservación enviada HTTP 400 => {"error":{"message":"(#131008) Required parameter is missing","type":"OAuthException","code":131008,"error_data":{"messaging_product":"whatsapp","details":"Parameter of type text is missing text value"},"fbtrace_id":"Aq6Vou7bRd-ZqZfx8EyO9X1"}}
[2025-10-23 17:01:19] ✅ Contrato enviado HTTP 400 => {"error":{"message":"The parameter to is required.","type":"OAuthException","code":100,"fbtrace_id":"Ar74dvEWEtXQYON83Ux-fJ5"}}
[2025-10-23 17:03:55] ✅ Contrato enviado (200) => {"messaging_product":"whatsapp","contacts":[{"input":"18099999636","wa_id":"18099999636"}],"messages":[{"id":"wamid.HBgLMTgwOTk5OTk2MzYVAgARGBI5ODc2RDMxQjMwMDdDNUU4RDgA","message_status":"accepted"}]}
[2025-10-23 17:04:08] ✅ Contrato enviado (400) => {"error":{"message":"(#131008) Required parameter is missing","type":"OAuthException","code":131008,"error_data":{"messaging_product":"whatsapp","details":"Parameter of type text is missing text value"},"fbtrace_id":"AYrE7ffgtCeXk-yDlnOLD5m"}}
[2025-10-23 17:10:47] ✅ Enviado HTTP 400 => {"error":{"message":"(#131008) Required parameter is missing","type":"OAuthException","code":131008,"error_data":{"messaging_product":"whatsapp","details":"Parameter of type text is missing text value"},"fbtrace_id":"AT9wysWTBNy25bSdH7ztkuP"}}
[2025-10-23 17:10:55] ✅ Enviado HTTP 200 => {"messaging_product":"whatsapp","contacts":[{"input":"18099999636","wa_id":"18099999636"}],"messages":[{"id":"wamid.HBgLMTgwOTk5OTk2MzYVAgARGBI1Nzk3NTU5RjlDMEVGNTlBODMA","message_status":"accepted"}]}
[2025-10-23 17:11:45] ✅ Enviado HTTP 400 => {"error":{"message":"(#131008) Required parameter is missing","type":"OAuthException","code":131008,"error_data":{"messaging_product":"whatsapp","details":"Parameter of type text is missing text value"},"fbtrace_id":"A5ePzdF_KtjkHdYO38_ghaC"}}
[2025-10-23 17:16:02] ✅ Reservación enviada HTTP 200 => {"messaging_product":"whatsapp","contacts":[{"input":"18099999636","wa_id":"18099999636"}],"messages":[{"id":"wamid.HBgLMTgwOTk5OTk2MzYVAgARGBJBQjlFMEVDRjFGQjQyMTE4REEA","message_status":"accepted"}]}
[2025-10-23 17:18:17] ✅ Reservación enviada HTTP 200 => {"messaging_product":"whatsapp","contacts":[{"input":"18099999636","wa_id":"18099999636"}],"messages":[{"id":"wamid.HBgLMTgwOTk5OTk2MzYVAgARGBI3ODEyMENERUQ2QTkzQ0MzRDAA","message_status":"accepted"}]}
[2025-10-23 17:19:20] ✅ Contrato enviado HTTP 400 => {"error":{"message":"(#131008) Required parameter is missing","type":"OAuthException","code":131008,"error_data":{"messaging_product":"whatsapp","details":"Parameter of type text is missing text value"},"fbtrace_id":"Av-ARSjpvByQTsxzXngnZDU"}}
[2025-10-23 17:25:49] ✅ Reservación enviada HTTP 200 => {"messaging_product":"whatsapp","contacts":[{"input":"18099999636","wa_id":"18099999636"}],"messages":[{"id":"wamid.HBgLMTgwOTk5OTk2MzYVAgARGBJFMkNCNUY3Q0IyMTQzMTQ3MjEA","message_status":"accepted"}]}
[2025-10-23 17:26:44] ✅ Contrato enviado HTTP 200 => {"messaging_product":"whatsapp","contacts":[{"input":"18099999636","wa_id":"18099999636"}],"messages":[{"id":"wamid.HBgLMTgwOTk5OTk2MzYVAgARGBIzRjk3RDU2MzIwNTBDQ0YyMjIA","message_status":"accepted"}]}
[2025-10-25 11:10:07] ✅ Enviado HTTP 400 => {"error":{"message":"(#131008) Required parameter is missing","type":"OAuthException","code":131008,"error_data":{"messaging_product":"whatsapp","details":"Parameter of type text is missing text value"},"fbtrace_id":"AgQi-tvfkBpLcYaYMepCMOC"}}
[2025-10-25 11:33:54] ✅ Contrato enviado HTTP 400 => {"error":{"message":"(#131008) Required parameter is missing","type":"OAuthException","code":131008,"error_data":{"messaging_product":"whatsapp","details":"Parameter of type text is missing text value"},"fbtrace_id":"APYD9sZYSJQjaRa-YMarii1"}}
